{
  "error": null,
  "data": {
    "id": "9b8bb5ff-2df6-4527-bb0e-12146364a48b",
    "displayId": "9b8bb5ff",
    "createdAt": "2020-01-29T13:58:09.818Z",
    "updatedAt": "2020-01-29T13:58:10.667Z",
    "status": "NOT_STARTED",
    "name": null,
    "startedAt": null,
    "finishedAt": null,
    "inputs": {
      "sharpening": {
        "strength": "medium"
      },
      "sobloo-s2-l1c-aoiclipped": {
        "ids": null,
        "time": "2018-01-01T00:00:00+00:00/2019-12-31T23:59:59+00:00",
        "limit": 1,
        "intersects": {
          "type": "Polygon",
          "coordinates": [
            [
              [
                13.36504,
                52.502116
              ],
              [
                13.398342,
                52.509117
              ],
              [
                13.404865,
                52.484662
              ],
              [
                13.372078,
                52.483198
              ],
              [
                13.36504,
                52.502116
              ]
            ]
          ]
        },
        "zoom_level": 14,
        "time_series": null,
        "max_cloud_cover": 100
      }
    },
    "mode": "DEFAULT",
    "workflowId": "4bf4694d-4d4f-469d-8fa6-6b67ca53364e",
    "workflowName": "TestWorkFlow"
  }
}