{
  "error": null,
  "data": {
    "id": "4bf4694d-4d4f-469d-8fa6-6b67ca53364e",
    "name": "TestWorkFlow",
    "description": null,
    "createdAt": "2020-01-29T13:58:08.946Z",
    "updatedAt": "2020-01-29T13:58:08.946Z",
    "totalProcessingTime": 0
  }
}